<?xml version="1.0" encoding="utf-8"?><testsuites><testsuite name="pytest" errors="0" failures="10" skipped="76" tests="486" time="66.954" timestamp="2025-10-25T14:00:11.994913" hostname="leesooyeols-Mac-mini.local"><testcase classname="tests.unit.test_comparison_mode.TestComparisonModeConfiguration" name="test_comparison_mode_can_be_enabled" time="0.001" /><testcase classname="tests.unit.test_comparison_mode.TestComparisonModeConfiguration" name="test_comparison_mode_can_be_disabled" time="0.001" /><testcase classname="tests.unit.test_comparison_mode.TestComparisonModeConfiguration" name="test_comparison_mode_loads_from_environment" time="0.001" /><testcase classname="tests.unit.test_comparison_mode.TestComparisonModeConfiguration" name="test_comparison_mode_defaults_disabled_from_environment" time="0.001" /><testcase classname="tests.unit.test_comparison_mode.TestComparisonModePreventsSMS" name="test_comparison_mode_simulates_sms_instead_of_sending" time="0.000" /><testcase classname="tests.unit.test_comparison_mode.TestComparisonModePreventsSMS" name="test_production_mode_sends_real_sms" time="0.000" /><testcase classname="tests.unit.test_comparison_mode.TestComparisonModePreventsSMS" name="test_multiple_sms_in_comparison_mode" time="0.000" /><testcase classname="tests.unit.test_comparison_mode.TestComparisonModePreventsSMS" name="test_comparison_mode_masks_phone_numbers_in_logs" time="0.000" /><testcase classname="tests.unit.test_comparison_mode.TestComparisonModePreventsSMS" name="test_comparison_mode_truncates_message_in_logs" time="0.000" /><testcase classname="tests.unit.test_comparison_mode.TestComparisonModeHandling" name="test_mode_applies_to_all_sms_types" time="0.000" /><testcase classname="tests.unit.test_comparison_mode.TestComparisonModeHandling" name="test_mode_switch_from_comparison_to_production" time="0.000" /><testcase classname="tests.unit.test_comparison_mode.TestComparisonModeHandling" name="test_mode_switch_from_production_to_comparison" time="0.000" /><testcase classname="tests.unit.test_comparison_mode.TestComparisonModeEdgeCases" name="test_empty_phone_number_handled_safely" time="0.000" /><testcase classname="tests.unit.test_comparison_mode.TestComparisonModeEdgeCases" name="test_very_short_message_handled" time="0.000" /><testcase classname="tests.unit.test_comparison_mode.TestComparisonModeEdgeCases" name="test_unknown_sms_type_handled" time="0.000" /><testcase classname="tests.unit.test_comparison_mode.TestComparisonModeSecurity" name="test_comparison_mode_is_explicit_and_must_be_enabled" time="0.000" /><testcase classname="tests.unit.test_comparison_mode.TestComparisonModeSecurity" name="test_comparison_mode_not_enabled_by_typo_env_var" time="0.001" /><testcase classname="tests.unit.test_comparison_mode.TestComparisonModeSecurity" name="test_comparison_mode_case_sensitive_environment_variable" time="0.002" /><testcase classname="tests.unit.test_comparison_monitoring.TestSMSComparison" name="test_sms_comparison_creation" time="0.001" /><testcase classname="tests.unit.test_comparison_monitoring.TestSMSComparison" name="test_sms_comparison_to_dict" time="0.000" /><testcase classname="tests.unit.test_comparison_monitoring.TestComparisonSummary" name="test_calculate_match_percentage_perfect_match" time="0.000" /><testcase classname="tests.unit.test_comparison_monitoring.TestComparisonSummary" name="test_calculate_match_percentage_partial_match" time="0.000" /><testcase classname="tests.unit.test_comparison_monitoring.TestComparisonSummary" name="test_calculate_match_percentage_no_comparisons" time="0.000" /><testcase classname="tests.unit.test_comparison_monitoring.TestCompareSMSPayloads" name="test_identical_payloads" time="0.000" /><testcase classname="tests.unit.test_comparison_monitoring.TestCompareSMSPayloads" name="test_different_payloads_single_char" time="0.000" /><testcase classname="tests.unit.test_comparison_monitoring.TestCompareSMSPayloads" name="test_different_payloads_multiple_chars" time="0.000" /><testcase classname="tests.unit.test_comparison_monitoring.TestCompareSMSPayloads" name="test_different_length_payloads" time="0.000" /><testcase classname="tests.unit.test_comparison_monitoring.TestCompareSMSPayloads" name="test_empty_payloads" time="0.000" /><testcase classname="tests.unit.test_comparison_monitoring.TestCompareDBRecords" name="test_identical_records" time="0.000" /><testcase classname="tests.unit.test_comparison_monitoring.TestCompareDBRecords" name="test_different_record_values" time="0.000" /><testcase classname="tests.unit.test_comparison_monitoring.TestCompareDBRecords" name="test_different_keys_old_has_extra" time="0.000" /><testcase classname="tests.unit.test_comparison_monitoring.TestCompareDBRecords" name="test_different_keys_new_has_extra" time="0.000" /><testcase classname="tests.unit.test_comparison_monitoring.TestComparisonLogger" name="test_logger_initialization" time="0.000" /><testcase classname="tests.unit.test_comparison_monitoring.TestComparisonLogger" name="test_log_sms_comparison" time="0.001" /><testcase classname="tests.unit.test_comparison_monitoring.TestComparisonLogger" name="test_log_telegram_event_comparison_field_naming" time="0.001" /><testcase classname="tests.unit.test_comparison_monitoring.TestComparisonLogger" name="test_log_summary" time="0.001" /><testcase classname="tests.unit.test_comparison_monitoring.TestComparisonMetricsPublisher" name="test_publisher_initialization" time="0.001" /><testcase classname="tests.unit.test_comparison_monitoring.TestComparisonMetricsPublisher" name="test_publish_comparison_summary" time="0.001" /><testcase classname="tests.unit.test_comparison_monitoring.TestComparisonMetricsPublisher" name="test_publish_handles_errors" time="0.001" /><testcase classname="tests.unit.test_comparison_monitoring.TestComparisonMetricsPublisher" name="test_publish_batches_metrics" time="0.001" /><testcase classname="tests.unit.test_comparison_monitoring.TestComparisonStatus" name="test_status_values" time="0.000" /><testcase classname="tests.unit.test_config.TestSecretRedactionFilter" name="test_redaction_filter_initialization" time="0.001" /><testcase classname="tests.unit.test_config.TestSecretRedactionFilter" name="test_redaction_filter_with_secrets" time="0.001" /><testcase classname="tests.unit.test_config.TestSecretRedactionFilter" name="test_redaction_filter_nested_secrets" time="0.001" /><testcase classname="tests.unit.test_config.TestSecretRedactionFilter" name="test_redaction_filter_redacts_message" time="0.001" /><testcase classname="tests.unit.test_config.TestSecretRedactionFilter" name="test_redaction_filter_ignores_short_strings" time="0.001" /><testcase classname="tests.unit.test_config.TestSecretRedactionFilter" name="test_redaction_filter_with_args_tuple" time="0.001" /><testcase classname="tests.unit.test_config.TestSettingsInitialization" name="test_settings_initialization_default_region" time="0.001" /><testcase classname="tests.unit.test_config.TestSettingsInitialization" name="test_settings_initialization_custom_region" time="0.001" /><testcase classname="tests.unit.test_config.TestSettingsInitialization" name="test_settings_lazy_initializes_secrets_client" time="0.007" /><testcase classname="tests.unit.test_config.TestSecretsManagerIntegration" name="test_get_secret_value_success" time="0.575" /><testcase classname="tests.unit.test_config.TestSecretsManagerIntegration" name="test_get_secret_value_not_found" time="0.139" /><testcase classname="tests.unit.test_config.TestSecretsManagerIntegration" name="test_get_secret_value_invalid_json" time="0.132" /><testcase classname="tests.unit.test_config.TestCredentialsLoading" name="test_load_naver_credentials_fallback_on_secrets_manager_empty" time="0.136" /><testcase classname="tests.unit.test_config.TestCredentialsLoading" name="test_load_naver_credentials_success_from_secrets_manager" time="0.128" /><testcase classname="tests.unit.test_config.TestCredentialsLoading" name="test_load_sens_credentials_success" time="0.133" /><testcase classname="tests.unit.test_config.TestCredentialsLoading" name="test_load_sens_credentials_missing_keys" time="0.132" /><testcase classname="tests.unit.test_config.TestCredentialsLoading" name="test_load_telegram_credentials_success" time="0.140" /><testcase classname="tests.unit.test_config.TestLocalFileLoading" name="test_load_from_local_file_success" time="0.003" /><testcase classname="tests.unit.test_config.TestLocalFileLoading" name="test_load_from_local_file_not_found" time="0.001" /><testcase classname="tests.unit.test_config.TestLocalFileLoading" name="test_load_from_local_file_invalid_json" time="0.001" /><testcase classname="tests.unit.test_config.TestRulesLoading" name="test_load_rules_success" time="0.005" /><testcase classname="tests.unit.test_config.TestRulesLoading" name="test_load_rules_file_not_found" time="0.001" /><testcase classname="tests.unit.test_config.TestModuleLevelFunctions" name="test_get_naver_credentials_function_exists" time="0.001" /><testcase classname="tests.unit.test_config.TestModuleLevelFunctions" name="test_get_sens_credentials_function_exists" time="0.001" /><testcase classname="tests.unit.test_config.TestModuleLevelFunctions" name="test_get_telegram_credentials_function_exists" time="0.001" /><testcase classname="tests.unit.test_config.TestModuleLevelFunctions" name="test_setup_logging_redaction_function_exists" time="0.001" /><testcase classname="tests.unit.test_database_booking.TestBookingRepositoryGetBooking" name="test_get_booking_success" time="0.268" /><testcase classname="tests.unit.test_database_booking.TestBookingRepositoryGetBooking" name="test_get_booking_not_found_returns_none" time="0.198" /><testcase classname="tests.unit.test_database_booking.TestBookingRepositoryGetBooking" name="test_get_booking_preserves_all_fields" time="0.185" /><testcase classname="tests.unit.test_database_booking.TestBookingRepositoryCreateBooking" name="test_create_booking_success" time="0.188" /><testcase classname="tests.unit.test_database_booking.TestBookingRepositoryCreateBooking" name="test_create_booking_missing_required_field" time="0.181" /><testcase classname="tests.unit.test_database_booking.TestBookingRepositoryCreateBooking" name="test_create_booking_with_extra_fields" time="0.193" /><testcase classname="tests.unit.test_database_booking.TestBookingRepositoryUpdateFlag" name="test_update_flag_success" time="0.188" /><testcase classname="tests.unit.test_database_booking.TestBookingRepositoryUpdateFlag" name="test_update_multiple_flags" time="0.201" /><testcase classname="tests.unit.test_database_booking.TestBookingRepositoryUpdateFlag" name="test_update_custom_flag" time="0.186" /><testcase classname="tests.unit.test_database_booking.TestBookingRepositoryScanUnnotifiedOptions" name="test_scan_unnotified_options_empty" time="0.190" /><testcase classname="tests.unit.test_database_booking.TestBookingRepositoryScanUnnotifiedOptions" name="test_scan_unnotified_options_single_store" time="0.189" /><testcase classname="tests.unit.test_database_booking.TestBookingRepositoryScanUnnotifiedOptions" name="test_scan_unnotified_options_multiple_stores" time="0.196" /><testcase classname="tests.unit.test_database_booking.TestBookingRepositoryScanUnnotifiedOptions" name="test_scan_unnotified_options_sorting" time="0.189" /><testcase classname="tests.unit.test_database_booking.TestBookingRepositoryScanUnnotifiedOptions" name="test_scan_ignores_notified_options" time="0.201" /><testcase classname="tests.unit.test_database_booking.TestBookingRepositoryErrorHandling" name="test_get_booking_network_error" time="0.179" /><testcase classname="tests.unit.test_database_booking.TestBookingRepositoryErrorHandling" name="test_create_booking_network_error" time="0.186" /><testcase classname="tests.unit.test_database_booking.TestBookingRepositoryErrorHandling" name="test_throttling_error_retry" time="3.192" /><testcase classname="tests.unit.test_database_booking.TestPhoneMasking" name="test_phone_masking_with_hyphens" time="0.001" /><testcase classname="tests.unit.test_database_booking.TestPhoneMasking" name="test_phone_masking_without_hyphens" time="0.001" /><testcase classname="tests.unit.test_database_booking.TestPhoneMasking" name="test_phone_masking_invalid" time="0.001" /><testcase classname="tests.unit.test_database_session.TestSessionRepositoryGetSession" name="test_get_session_not_found_returns_none" time="0.247" /><testcase classname="tests.unit.test_database_session.TestSessionRepositoryGetSession" name="test_get_session_success" time="0.183" /><testcase classname="tests.unit.test_database_session.TestSessionRepositoryGetSession" name="test_get_session_returns_session_object" time="0.201" /><testcase classname="tests.unit.test_database_session.TestSessionRepositorySaveSession" name="test_save_session_success" time="0.187" /><testcase classname="tests.unit.test_database_session.TestSessionRepositorySaveSession" name="test_save_session_overwrites_existing" time="0.267" /><testcase classname="tests.unit.test_database_session.TestSessionRepositorySaveSession" name="test_save_session_empty_cookies" time="0.184" /><testcase classname="tests.unit.test_database_session.TestSessionRepositorySaveSession" name="test_save_session_multiple_cookies" time="0.188" /><testcase classname="tests.unit.test_database_session.TestSessionRepositoryDeleteSession" name="test_delete_session_success" time="0.188" /><testcase classname="tests.unit.test_database_session.TestSessionRepositoryDeleteSession" name="test_delete_session_not_found" time="0.194" /><testcase classname="tests.unit.test_database_session.TestSessionRepositoryDeleteSession" name="test_delete_session_cache_invalidation" time="0.184" /><testcase classname="tests.unit.test_database_session.TestSessionDomainModel" name="test_session_from_cookies_list" time="0.000" /><testcase classname="tests.unit.test_database_session.TestSessionDomainModel" name="test_session_get_cookies_list" time="0.000" /><testcase classname="tests.unit.test_database_session.TestSessionDomainModel" name="test_session_is_empty_true" time="0.000" /><testcase classname="tests.unit.test_database_session.TestSessionDomainModel" name="test_session_is_empty_false" time="0.000" /><testcase classname="tests.unit.test_database_session.TestSessionDomainModel" name="test_session_to_dict" time="0.000" /><testcase classname="tests.unit.test_database_session.TestSessionDomainModel" name="test_session_malformed_json_raises_error" time="0.000" /><testcase classname="tests.unit.test_database_session.TestSessionRepositoryErrorHandling" name="test_get_session_network_error" time="0.197" /><testcase classname="tests.unit.test_database_session.TestSessionRepositoryErrorHandling" name="test_save_session_network_error" time="0.178" /><testcase classname="tests.unit.test_database_session.TestSessionRepositoryErrorHandling" name="test_delete_session_network_error" time="0.188" /><testcase classname="tests.unit.test_database_session.TestSessionRepositoryLifecycle" name="test_session_lifecycle" time="0.187" /><testcase classname="tests.unit.test_logger.TestMaskPhone" name="test_mask_phone_hyphenated_format" time="0.000" /><testcase classname="tests.unit.test_logger.TestMaskPhone" name="test_mask_phone_no_hyphens_format" time="0.000" /><testcase classname="tests.unit.test_logger.TestMaskPhone" name="test_mask_phone_keeps_last_four" time="0.000" /><testcase classname="tests.unit.test_logger.TestMaskPhone" name="test_mask_phone_empty_string" time="0.000" /><testcase classname="tests.unit.test_logger.TestMaskPhone" name="test_mask_phone_none_value" time="0.000" /><testcase classname="tests.unit.test_logger.TestMaskPhone" name="test_mask_phone_too_short" time="0.000" /><testcase classname="tests.unit.test_logger.TestMaskPhone" name="test_mask_phone_various_formats" time="0.000" /><testcase classname="tests.unit.test_logger.TestStructuredLogger" name="test_logger_initialization" time="0.000" /><testcase classname="tests.unit.test_logger.TestStructuredLogger" name="test_format_log_basic_fields" time="0.000" /><testcase classname="tests.unit.test_logger.TestStructuredLogger" name="test_format_log_timestamp_format" time="0.000" /><testcase classname="tests.unit.test_logger.TestStructuredLogger" name="test_format_log_with_operation" time="0.000" /><testcase classname="tests.unit.test_logger.TestStructuredLogger" name="test_format_log_with_context" time="0.000" /><testcase classname="tests.unit.test_logger.TestStructuredLogger" name="test_format_log_with_duration" time="0.000" /><testcase classname="tests.unit.test_logger.TestStructuredLogger" name="test_format_log_with_error" time="0.000" /><testcase classname="tests.unit.test_logger.TestStructuredLogger" name="test_format_log_all_fields" time="0.000" /><testcase classname="tests.unit.test_logger.TestStructuredLogger" name="test_logger_debug_method" time="0.000" /><testcase classname="tests.unit.test_logger.TestStructuredLogger" name="test_logger_info_method" time="0.000" /><testcase classname="tests.unit.test_logger.TestStructuredLogger" name="test_logger_warning_method" time="0.000" /><testcase classname="tests.unit.test_logger.TestStructuredLogger" name="test_logger_error_method" time="0.000" /><testcase classname="tests.unit.test_logger.TestStructuredLogger" name="test_logger_with_multiple_calls" time="0.000" /><testcase classname="tests.unit.test_logger.TestLogOperationDecorator" name="test_log_operation_decorator_success" time="0.001" /><testcase classname="tests.unit.test_logger.TestLogOperationDecorator" name="test_log_operation_decorator_with_exception" time="0.000" /><testcase classname="tests.unit.test_logger.TestLogOperationDecorator" name="test_log_operation_decorator_duration_tracked" time="0.056" /><testcase classname="tests.unit.test_logger.TestLogOperationDecorator" name="test_log_operation_decorator_with_phone_kwarg" time="0.001" /><testcase classname="tests.unit.test_logger.TestLogOperationDecorator" name="test_log_operation_decorator_preserves_function_name" time="0.000" /><testcase classname="tests.unit.test_logger.TestGetLoggerFactory" name="test_get_logger_returns_structured_logger" time="0.000" /><testcase classname="tests.unit.test_logger.TestGetLoggerFactory" name="test_get_logger_with_different_names" time="0.001" /><testcase classname="tests.unit.test_logger.TestGetLoggerFactory" name="test_get_logger_returns_independent_instances" time="0.000" /><testcase classname="tests.unit.test_logger.TestLoggerJSONSchema" name="test_log_output_valid_json" time="0.000" /><testcase classname="tests.unit.test_logger.TestLoggerJSONSchema" name="test_log_required_fields_present" time="0.000" /><testcase classname="tests.unit.test_logger.TestLoggerJSONSchema" name="test_log_ensures_ascii_false" time="0.000" /><testcase classname="tests.unit.test_logger.TestLoggerPerformance" name="test_logging_overhead_minimal" time="0.000" /><testcase classname="tests.unit.test_logger.TestLoggerPerformance" name="test_logging_many_calls_efficient" time="0.005" /><testcase classname="tests.unit.test_naver_auth" name="test_fresh_login_preserves_original_flow" time="0.004" /><testcase classname="tests.unit.test_naver_auth" name="test_cookie_reuse_returns_cached" time="0.002" /><testcase classname="tests.unit.test_naver_auth" name="test_cookie_expiry_triggers_recursive_fresh_login" time="0.003" /><testcase classname="tests.unit.test_naver_auth" name="test_get_session_mirrors_driver_cookies" time="0.010" /><testcase classname="tests.unit.test_naver_auth" name="test_get_session_without_driver_returns_empty_session" time="0.000" /><testcase classname="tests.unit.test_naver_booking_api" name="test_get_bookings_uses_legacy_params" time="0.002" /><testcase classname="tests.unit.test_naver_booking_api" name="test_get_bookings_includes_date_range" time="0.001" /><testcase classname="tests.unit.test_rule_engine.TestRuleLoading" name="test_load_rules_from_valid_yaml" time="0.006" /><testcase classname="tests.unit.test_rule_engine.TestRuleLoading" name="test_load_multiple_rules" time="0.003" /><testcase classname="tests.unit.test_rule_engine.TestRuleLoading" name="test_load_rules_file_not_found" time="0.000" /><testcase classname="tests.unit.test_rule_engine.TestRuleLoading" name="test_load_rules_invalid_yaml" time="0.002" /><testcase classname="tests.unit.test_rule_engine.TestRuleLoading" name="test_load_rules_empty_file" time="0.001" /><testcase classname="tests.unit.test_rule_engine.TestRuleLoading" name="test_load_rules_no_rules_key" time="0.002" /><testcase classname="tests.unit.test_rule_engine.TestRuleValidation" name="test_rule_missing_name" time="0.002" /><testcase classname="tests.unit.test_rule_engine.TestRuleValidation" name="test_rule_missing_conditions" time="0.002" /><testcase classname="tests.unit.test_rule_engine.TestRuleValidation" name="test_rule_missing_actions" time="0.002" /><testcase classname="tests.unit.test_rule_engine.TestRuleValidation" name="test_rule_conditions_not_list" time="0.002" /><testcase classname="tests.unit.test_rule_engine.TestRuleValidation" name="test_rule_actions_not_list" time="0.002" /><testcase classname="tests.unit.test_rule_engine.TestRuleValidation" name="test_condition_missing_type" time="0.002" /><testcase classname="tests.unit.test_rule_engine.TestRuleValidation" name="test_action_missing_type" time="0.002" /><testcase classname="tests.unit.test_rule_engine.TestRegistry" name="test_register_condition" time="0.002" /><testcase classname="tests.unit.test_rule_engine.TestRegistry" name="test_register_action" time="0.002" /><testcase classname="tests.unit.test_rule_engine.TestRegistry" name="test_register_non_callable_condition" time="0.002" /><testcase classname="tests.unit.test_rule_engine.TestRegistry" name="test_register_non_callable_action" time="0.001" /><testcase classname="tests.unit.test_rule_engine.TestConditionEvaluation" name="test_evaluate_rule_single_condition_pass" time="0.002" /><testcase classname="tests.unit.test_rule_engine.TestConditionEvaluation" name="test_evaluate_rule_single_condition_fail" time="0.003" /><testcase classname="tests.unit.test_rule_engine.TestConditionEvaluation" name="test_evaluate_rule_multiple_conditions_all_pass" time="0.003" /><testcase classname="tests.unit.test_rule_engine.TestConditionEvaluation" name="test_evaluate_rule_multiple_conditions_one_fails" time="0.004" /><testcase classname="tests.unit.test_rule_engine.TestConditionEvaluation" name="test_evaluate_rule_disabled" time="0.003" /><testcase classname="tests.unit.test_rule_engine.TestConditionEvaluation" name="test_evaluate_rule_unknown_condition_type" time="0.003" /><testcase classname="tests.unit.test_rule_engine.TestConditionEvaluation" name="test_evaluate_rule_condition_raises_exception" time="0.006" /><testcase classname="tests.unit.test_rule_engine.TestConditionEvaluation" name="test_evaluate_rule_with_params" time="0.003" /><testcase classname="tests.unit.test_rule_engine.TestConditionEvaluation" name="test_evaluate_rule_short_circuit_evaluation" time="0.003" /><testcase classname="tests.unit.test_rule_engine.TestActionExecution" name="test_execute_rule_single_action" time="0.003" /><testcase classname="tests.unit.test_rule_engine.TestActionExecution" name="test_execute_rule_multiple_actions_sequence" time="0.003" /><testcase classname="tests.unit.test_rule_engine.TestActionExecution" name="test_execute_rule_unknown_action_type" time="0.004" /><testcase classname="tests.unit.test_rule_engine.TestActionExecution" name="test_execute_rule_action_raises_exception" time="0.004" /><testcase classname="tests.unit.test_rule_engine.TestResultTracking" name="test_action_result_success" time="0.004" /><testcase classname="tests.unit.test_rule_engine.TestResultTracking" name="test_action_result_failure" time="0.004" /><testcase classname="tests.unit.test_rule_engine.TestResultTracking" name="test_process_booking_collects_all_results" time="0.005" /><testcase classname="tests.unit.test_rule_engine.TestProcessBooking" name="test_process_booking_no_matched_rules" time="0.004" /><testcase classname="tests.unit.test_rule_engine.TestProcessBooking" name="test_process_booking_multiple_matched_rules" time="0.004" /><testcase classname="tests.unit.test_rule_engine.TestProcessBooking" name="test_process_booking_handles_rule_exception" time="0.005" /><testcase classname="tests.unit.test_rules_schema.TestRulesSchema" name="test_valid_rules_load_successfully" time="0.038" /><testcase classname="tests.unit.test_rules_schema.TestRulesSchema" name="test_missing_name_field" time="0.009" /><testcase classname="tests.unit.test_rules_schema.TestRulesSchema" name="test_missing_conditions_field" time="0.008" /><testcase classname="tests.unit.test_rules_schema.TestRulesSchema" name="test_invalid_condition_type" time="0.008" /><testcase classname="tests.unit.test_rules_schema.TestRulesSchema" name="test_invalid_action_type" time="0.008" /><testcase classname="tests.unit.test_rules_schema.TestRulesSchema" name="test_missing_required_condition_parameter" time="0.008" /><testcase classname="tests.unit.test_rules_schema.TestRulesSchema" name="test_wrong_condition_parameter_type" time="0.007" /><testcase classname="tests.unit.test_rules_schema.TestRulesSchema" name="test_empty_conditions_array" time="0.008" /><testcase classname="tests.unit.test_rules_schema.TestRulesSchema" name="test_optional_fields_are_optional" time="0.008" /><testcase classname="tests.unit.test_rules_schema.TestRulesSchema" name="test_invalid_enum_value_in_send_sms_template" time="0.008" /><testcase classname="tests.unit.test_rules_schema.TestRulesSchema" name="test_send_sms_requires_template_parameter" time="0.008" /><testcase classname="tests.unit.test_rules_schema.TestRulesSchema" name="test_flag_not_set_condition_parameter_schema" time="0.008" /><testcase classname="tests.unit.test_rules_schema.TestRulesSchema" name="test_update_flag_action_parameter_schema" time="0.008" /><testcase classname="tests.unit.test_rules_schema.TestRulesSchema" name="test_current_hour_valid_range" time="0.015" /><testcase classname="tests.unit.test_rules_schema.TestRulesSchema" name="test_has_option_keyword_requires_keywords_array" time="0.008" /><testcase classname="tests.unit.test_rules_schema.TestRulesSchema" name="test_date_range_valid_iso_format" time="0.008" /><testcase classname="tests.unit.test_rules_schema.TestRulesSchema" name="test_date_range_missing_start_date" time="0.008" /><testcase classname="tests.unit.test_rules_schema.TestRulesSchema" name="test_date_range_missing_end_date" time="0.009" /><testcase classname="tests.unit.test_rules_schema.TestRulesSchema" name="test_date_range_invalid_date_format" time="0.008" /><testcase classname="tests.unit.test_security_comparison_mode" name="test_comparison_mode_case_sensitive_lowercase_true" time="0.003" /><testcase classname="tests.unit.test_security_comparison_mode" name="test_comparison_mode_case_sensitive_uppercase_true" time="0.001" /><testcase classname="tests.unit.test_security_comparison_mode" name="test_comparison_mode_case_sensitive_mixed_case" time="0.002" /><testcase classname="tests.unit.test_security_comparison_mode" name="test_comparison_mode_default_false" time="0.001" /><testcase classname="tests.unit.test_security_comparison_mode" name="test_settings_class_comparison_mode" time="0.001" /><testcase classname="tests.unit.test_security_comparison_mode" name="test_settings_class_comparison_mode_disabled" time="0.001" /><testcase classname="tests.unit.test_sms_service" name="test_confirm_payload_matches_legacy" time="0.018" /><testcase classname="tests.unit.test_sms_service" name="test_event_payload_matches_legacy" time="0.014" /><testcase classname="tests.unit.test_sms_service" name="test_guide_payload_matches_legacy[1051707]" time="0.014" /><testcase classname="tests.unit.test_sms_service" name="test_guide_payload_matches_legacy[951291]" time="0.014" /><testcase classname="tests.unit.test_sms_service" name="test_guide_payload_matches_legacy[1462519]" time="0.014" /><testcase classname="tests.unit.test_sms_service" name="test_guide_payload_matches_legacy[1120125]" time="0.014" /><testcase classname="tests.unit.test_sms_service" name="test_guide_payload_matches_legacy[1285716]" time="0.014" /><testcase classname="tests.unit.test_sms_service" name="test_guide_payload_matches_legacy[1473826]" time="0.014" /><testcase classname="tests.unit.test_sms_service" name="test_guide_payload_matches_legacy[1466783]" time="0.014" /><testcase classname="tests.unit.test_sms_service" name="test_guide_payload_matches_legacy[867589]" time="0.014" /><testcase classname="tests.unit.test_sms_service" name="test_environment_override_updates_from_number" time="0.014" /><testcase classname="tests.unit.test_sms_service" name="test_unknown_store_falls_back_to_default" time="0.014" /><testcase classname="tests.unit.test_sms_service" name="test_retry_and_failure" time="0.014" /><testcase classname="tests.unit.test_sms_service" name="test_sens_delivery_disabled_skips_requests" time="0.014" /><testcase classname="tests.unit.test_sms_service" name="test_comparison_mode_skips_requests" time="0.014" /><testcase classname="tests.unit.test_telegram_service.TestTelegramBotClient" name="test_init_with_credentials" time="0.000" /><testcase classname="tests.unit.test_telegram_service.TestTelegramBotClient" name="test_init_without_credentials" time="0.001" /><testcase classname="tests.unit.test_telegram_service.TestTelegramBotClient" name="test_send_message_success" time="0.001" /><testcase classname="tests.unit.test_telegram_service.TestTelegramBotClient" name="test_send_message_with_custom_parse_mode" time="0.001" /><testcase classname="tests.unit.test_telegram_service.TestTelegramBotClient" name="test_send_message_without_parse_mode" time="0.001" /><testcase classname="tests.unit.test_telegram_service.TestTelegramBotClient" name="test_send_message_when_not_configured" time="0.001" /><testcase classname="tests.unit.test_telegram_service.TestTelegramBotClient" name="test_send_notification_with_template_params" time="0.001" /><testcase classname="tests.unit.test_telegram_service.TestTelegramBotClient" name="test_send_notification_without_template_params" time="0.001" /><testcase classname="tests.unit.test_telegram_service.TestTelegramBotClient" name="test_retry_on_transient_error" time="0.013" /><testcase classname="tests.unit.test_telegram_service.TestTelegramBotClient" name="test_rate_limit_handling" time="0.014" /><testcase classname="tests.unit.test_telegram_service.TestTelegramBotClient" name="test_api_error_response" time="0.001" /><testcase classname="tests.unit.test_telegram_service.TestTelegramBotClient" name="test_http_error_response" time="0.001" /><testcase classname="tests.unit.test_telegram_service.TestTelegramBotClient" name="test_get_client_status" time="0.000" /><testcase classname="tests.unit.test_telegram_service.TestTelegramBotClient" name="test_get_client_status_not_configured" time="0.001" /><testcase classname="tests.unit.test_telegram_service.TestTelegramBotClient" name="test_send_message_with_custom_chat_id" time="0.001" /><testcase classname="tests.integration.test_campaign_performance.TestCampaignPerformanceMetrics" name="test_metrics_captures_execution_duration" time="0.103" /><testcase classname="tests.integration.test_campaign_performance.TestCampaignPerformanceMetrics" name="test_metrics_captures_memory_usage" time="0.001" /><testcase classname="tests.integration.test_campaign_performance.TestCampaignPerformanceMetrics" name="test_metrics_validates_execution_threshold" time="0.000" /><testcase classname="tests.integration.test_campaign_performance.TestCampaignPerformanceMetrics" name="test_metrics_validates_memory_threshold" time="0.000" /><testcase classname="tests.integration.test_campaign_performance.TestCampaignPerformanceMetrics" name="test_metrics_converts_to_dictionary" time="0.000" /><testcase classname="tests.integration.test_campaign_performance.TestCampaignPerformanceScaling" name="test_campaign_with_10_bookings" time="0.000" /><testcase classname="tests.integration.test_campaign_performance.TestCampaignPerformanceScaling" name="test_campaign_with_50_bookings" time="0.000" /><testcase classname="tests.integration.test_campaign_performance.TestCampaignPerformanceScaling" name="test_campaign_with_100_bookings" time="0.001" /><testcase classname="tests.integration.test_campaign_performance.TestCampaignPerformanceScaling" name="test_campaign_with_200_bookings" time="0.001" /><testcase classname="tests.integration.test_campaign_performance.TestCampaignPerformanceScaling" name="test_campaign_memory_scales_linearly" time="0.001" /><testcase classname="tests.integration.test_campaign_performance.TestCampaignPerformanceScaling" name="test_campaign_execution_time_scales_linearly" time="0.001" /><testcase classname="tests.integration.test_campaign_performance.TestCampaignPerformanceTrendAnalysis" name="test_performance_trends_show_no_degradation" time="0.001" /><testcase classname="tests.integration.test_campaign_performance.TestCampaignPerformanceTrendAnalysis" name="test_performance_report_generation" time="0.001" /><testcase classname="tests.integration.test_campaign_performance.TestCloudWatchMetricsPublishingThroughput" name="test_metrics_publishing_rate_acceptable" time="0.000" /><testcase classname="tests.integration.test_campaign_performance.TestCloudWatchMetricsPublishingThroughput" name="test_slack_notification_rate_acceptable" time="0.001" /><testcase classname="tests.integration.test_campaign_performance.TestPerformanceUnderLoad" name="test_maximum_supported_booking_volume" time="0.001" /><testcase classname="tests.integration.test_campaign_performance.TestPerformanceUnderLoad" name="test_memory_headroom_available" time="0.001" /><testcase classname="tests.integration.test_campaign_performance.TestPerformanceEdgeCases" name="test_zero_bookings_performance" time="0.000" /><testcase classname="tests.integration.test_campaign_performance.TestPerformanceEdgeCases" name="test_single_booking_performance" time="0.000" /><testcase classname="tests.integration.test_campaign_performance.TestPerformanceEdgeCases" name="test_very_large_booking_count_still_under_threshold" time="0.001" /><testcase classname="tests.integration.test_evidence_packaging.TestEvidenceCollection" name="test_collector_collects_test_reports" time="0.009" /><testcase classname="tests.integration.test_evidence_packaging.TestEvidenceCollection" name="test_collector_collects_aggregate_summary" time="0.003" /><testcase classname="tests.integration.test_evidence_packaging.TestEvidenceCollection" name="test_collector_generates_cloudwatch_export" time="0.003" /><testcase classname="tests.integration.test_evidence_packaging.TestEvidenceCollection" name="test_collector_generates_alarm_logs" time="0.004" /><testcase classname="tests.integration.test_evidence_packaging.TestEvidenceCollection" name="test_collector_generates_slack_history" time="0.004" /><testcase classname="tests.integration.test_evidence_packaging.TestEvidencePackaging" name="test_packager_creates_evidence_package" time="0.010" /><testcase classname="tests.integration.test_evidence_packaging.TestEvidencePackaging" name="test_packager_validates_completeness" time="0.007" /><testcase classname="tests.integration.test_evidence_packaging.TestEvidencePackaging" name="test_packager_updates_validation_md" time="0.013" /><testcase classname="tests.integration.test_evidence_packaging.TestEvidencePackaging" name="test_evidence_package_serializes_to_json" time="0.005" /><testcase classname="tests.integration.test_evidence_packaging.TestEvidenceIntegration" name="test_full_evidence_packaging_workflow" time="0.015" /><testcase classname="tests.integration.test_failure_scenarios.TestNaverAPIFailureHandling" name="test_naver_api_timeout_graceful_handling" time="0.008"><failure message="NameError: name 'results' is not defined">tests/integration/test_failure_scenarios.py:91: in test_naver_api_timeout_graceful_handling
    assert len([r for r in results if "API Failure Fallback" in r.rule_name]) &gt; 0
E   NameError: name 'results' is not defined</failure></testcase><testcase classname="tests.integration.test_failure_scenarios.TestNaverAPIFailureHandling" name="test_naver_login_session_expired" time="0.007" /><testcase classname="tests.integration.test_failure_scenarios.TestNaverAPIFailureHandling" name="test_naver_http_error_429_rate_limited" time="0.008" /><testcase classname="tests.integration.test_failure_scenarios.TestNaverAPIFailureHandling" name="test_naver_http_error_401_authentication_failed" time="0.006"><failure message="NameError: name 'results' is not defined">tests/integration/test_failure_scenarios.py:166: in test_naver_http_error_401_authentication_failed
    assert len(results) &gt; 0
E   NameError: name 'results' is not defined</failure></testcase><testcase classname="tests.integration.test_failure_scenarios.TestDynamoDBFailureHandling" name="test_dynamodb_connection_timeout" time="0.007"><failure message="NameError: name 'results' is not defined">tests/integration/test_failure_scenarios.py:230: in test_dynamodb_connection_timeout
    assert any(r.success is False for r in results)
E   NameError: name 'results' is not defined</failure></testcase><testcase classname="tests.integration.test_failure_scenarios.TestDynamoDBFailureHandling" name="test_dynamodb_table_not_found" time="0.007" /><testcase classname="tests.integration.test_failure_scenarios.TestDynamoDBFailureHandling" name="test_dynamodb_provisioned_throughput_exceeded" time="0.006" /><testcase classname="tests.integration.test_failure_scenarios.TestSMSServiceFailureHandling" name="test_sens_api_authentication_failed" time="0.006"><failure message="NameError: name 'results' is not defined">tests/integration/test_failure_scenarios.py:344: in test_sens_api_authentication_failed
    assert any(not r.success for r in results)
E   NameError: name 'results' is not defined</failure></testcase><testcase classname="tests.integration.test_failure_scenarios.TestSMSServiceFailureHandling" name="test_sens_service_timeout" time="0.006" /><testcase classname="tests.integration.test_failure_scenarios.TestSMSServiceFailureHandling" name="test_sens_invalid_phone_number" time="0.009"><failure message="NameError: name 'results' is not defined">tests/integration/test_failure_scenarios.py:397: in test_sens_invalid_phone_number
    assert any(not r.success for r in results)
E   NameError: name 'results' is not defined</failure></testcase><testcase classname="tests.integration.test_failure_scenarios.TestTelegramAlertPathway" name="test_telegram_sent_on_booking_success" time="0.006" /><testcase classname="tests.integration.test_failure_scenarios.TestTelegramAlertPathway" name="test_telegram_payload_structure_valid" time="0.004" /><testcase classname="tests.integration.test_failure_scenarios.TestTelegramAlertPathway" name="test_telegram_sent_on_critical_failure" time="0.004" /><testcase classname="tests.integration.test_failure_scenarios.TestEndToEndErrorRecovery" name="test_lambda_completes_despite_errors" time="0.006" /><testcase classname="tests.integration.test_failure_scenarios.TestEndToEndErrorRecovery" name="test_error_context_captured_for_debugging" time="0.006" /><testcase classname="tests.integration.test_holiday_event_roster.TestGetHolidayEventRuleWindow" name="test_extracts_keywords_from_has_multiple_options" time="0.001" /><testcase classname="tests.integration.test_holiday_event_roster.TestGetHolidayEventRuleWindow" name="test_returns_none_when_rule_not_found" time="0.001" /><testcase classname="tests.integration.test_holiday_event_roster.TestGetHolidayEventRuleWindow" name="test_extracts_without_keywords_when_not_present" time="0.001" /><testcase classname="tests.integration.test_holiday_event_roster.TestBuildHolidayEventRoster" name="test_filters_by_keywords_ac3_fix" time="0.003" /><testcase classname="tests.integration.test_holiday_event_roster.TestBuildHolidayEventRoster" name="test_includes_all_with_empty_keywords" time="0.002" /><testcase classname="tests.integration.test_holiday_event_roster.TestBuildHolidayEventRoster" name="test_respects_date_range_with_keywords" time="0.002" /><testcase classname="tests.integration.test_holiday_event_roster.TestBuildHolidayEventRoster" name="test_respects_min_count_with_keywords" time="0.002" /><testcase classname="tests.integration.test_holiday_event_roster.TestBuildHolidayEventRoster" name="test_empty_roster_when_no_matches" time="0.001" /><testcase classname="tests.integration.test_holiday_event_roster.TestBuildHolidayEventRoster" name="test_roster_includes_option_keywords" time="0.001" /><testcase classname="tests.integration.test_naver_auth_live.TestNaverAuthenticatorIntegration" name="test_session_manager_save_and_retrieve" time="0.206" /><testcase classname="tests.integration.test_naver_auth_live.TestNaverAuthenticatorIntegration" name="test_session_manager_get_nonexistent_cookies" time="0.188" /><testcase classname="tests.integration.test_naver_auth_live.TestNaverAuthenticatorIntegration" name="test_session_manager_overwrite_cookies" time="0.196" /><testcase classname="tests.integration.test_naver_auth_live.TestNaverAuthenticatorLive" name="test_real_naver_fresh_login" time="0.000"><skipped type="pytest.skip" message="Set RUN_NAVER_LIVE_TESTS=1 with test credentials to run live checks">/Users/sooyeol/Desktop/Code/naver_sms_automation_refactoring/tests/integration/test_naver_auth_live.py:119: Set RUN_NAVER_LIVE_TESTS=1 with test credentials to run live checks</skipped></testcase><testcase classname="tests.integration.test_naver_auth_live.TestNaverAuthenticatorLive" name="test_real_naver_cookie_reuse" time="0.000"><skipped type="pytest.skip" message="Set RUN_NAVER_LIVE_TESTS=1 with test credentials to run live checks">/Users/sooyeol/Desktop/Code/naver_sms_automation_refactoring/tests/integration/test_naver_auth_live.py:149: Set RUN_NAVER_LIVE_TESTS=1 with test credentials to run live checks</skipped></testcase><testcase classname="tests.integration.test_naver_auth_live.TestNaverAuthenticatorLive" name="test_real_naver_api_calls_with_session" time="0.000"><skipped type="pytest.skip" message="Set RUN_NAVER_LIVE_TESTS=1 with test credentials to run live checks">/Users/sooyeol/Desktop/Code/naver_sms_automation_refactoring/tests/integration/test_naver_auth_live.py:176: Set RUN_NAVER_LIVE_TESTS=1 with test credentials to run live checks</skipped></testcase><testcase classname="tests.integration.test_readiness_gate.TestReadinessValidator" name="test_validator_initialization" time="0.000" /><testcase classname="tests.integration.test_readiness_gate.TestReadinessValidator" name="test_all_criteria_pass_results_in_go_decision" time="0.001" /><testcase classname="tests.integration.test_readiness_gate.TestReadinessValidator" name="test_critical_mismatch_results_in_no_go_decision" time="0.000" /><testcase classname="tests.integration.test_readiness_gate.TestReadinessValidator" name="test_readiness_report_can_be_serialized_to_json" time="0.000" /><testcase classname="tests.integration.test_readiness_gate.TestReadinessValidator" name="test_readiness_report_includes_recommendations" time="0.000" /><testcase classname="tests.integration.test_rule_actions.TestNewBookingWorkflow" name="test_new_booking_creates_record_and_sends_sms" time="0.001" /><testcase classname="tests.integration.test_rule_actions.TestReminderWorkflow" name="test_send_guide_sms_and_update_flag" time="0.001" /><testcase classname="tests.integration.test_rule_actions.TestEventSMSWorkflow" name="test_send_event_sms_and_update_flag" time="0.001" /><testcase classname="tests.integration.test_rule_actions.TestMultipleActionsSequence" name="test_complete_booking_lifecycle" time="0.002" /><testcase classname="tests.integration.test_rule_actions.TestActionErrorRecovery" name="test_error_in_one_action_does_not_prevent_others" time="0.001" /><testcase classname="tests.integration.test_rule_actions.TestIdempotencyWithMultipleUpdates" name="test_multiple_flag_updates_are_idempotent" time="0.001" /><testcase classname="tests.integration.test_rule_actions.TestNotificationActions" name="test_telegram_and_slack_notifications" time="0.001" /><testcase classname="tests.integration.test_rule_actions.TestNotificationActions" name="test_telegram_template_rendering_with_real_loader" time="0.006"><failure message="AssertionError: assert '[sms]' in '예약 확인 문자 발송 완료 test customer, 010-1234-5678'&#10; +  where '예약 확인 문자 발송 완료 test customer, 010-1234-5678' = &lt;built-in method lower of str object at 0x1301f2160&gt;()&#10; +    where &lt;built-in method lower of str object at 0x1301f2160&gt; = '예약 확인 문자 발송 완료 Test Customer, 010-1234-5678'.lower">tests/integration/test_rule_actions.py:479: in test_telegram_template_rendering_with_real_loader
    assert "[sms]" in call_kwargs["text"].lower()
E   AssertionError: assert '[sms]' in '예약 확인 문자 발송 완료 test customer, 010-1234-5678'
E    +  where '예약 확인 문자 발송 완료 test customer, 010-1234-5678' = &lt;built-in method lower of str object at 0x1301f2160&gt;()
E    +    where &lt;built-in method lower of str object at 0x1301f2160&gt; = '예약 확인 문자 발송 완료 Test Customer, 010-1234-5678'.lower</failure></testcase><testcase classname="tests.integration.test_rule_actions.TestLoggingActions" name="test_log_event_captures_metadata" time="0.001" /><testcase classname="tests.integration.test_rule_actions.TestLoggingActions" name="test_log_event_with_different_statuses" time="0.001" /><testcase classname="tests.integration.test_rule_actions.TestRegisterActionsIntegration" name="test_register_actions_creates_working_wrappers" time="0.001" /><testcase classname="tests.integration.test_rule_actions.TestRegisterActionsIntegration" name="test_all_six_actions_registered" time="0.001" /><testcase classname="tests.integration.test_rule_engine_integration.TestRealWorldRuleScenarios" name="test_new_booking_flow" time="0.008" /><testcase classname="tests.integration.test_rule_engine_integration.TestRealWorldRuleScenarios" name="test_existing_booking_reminder_flow" time="0.008" /><testcase classname="tests.integration.test_rule_engine_integration.TestRealWorldRuleScenarios" name="test_evening_event_sms_flow" time="0.008" /><testcase classname="tests.integration.test_rule_engine_integration.TestRealWorldRuleScenarios" name="test_no_rules_match_scenario" time="0.008" /><testcase classname="tests.integration.test_rule_engine_integration.TestRealWorldRuleScenarios" name="test_multiple_rules_match_same_booking" time="0.004" /><testcase classname="tests.integration.test_rule_engine_integration.TestRealWorldRuleScenarios" name="test_error_recovery_flow" time="0.004" /><testcase classname="tests.integration.test_rule_engine_integration.TestRealWorldRuleScenarios" name="test_rule_ordering_matters" time="0.004" /><testcase classname="tests.integration.test_rule_engine_integration.TestRealWorldRuleScenarios" name="test_context_builder_integration" time="0.001" /><testcase classname="tests.integration.test_rule_engine_integration.TestRealWorldRuleScenarios" name="test_disabled_rule_never_executes" time="0.004" /><testcase classname="tests.integration.test_rule_engine_integration.TestRealWorldRuleScenarios" name="test_complex_condition_logic" time="0.003" /><testcase classname="tests.integration.test_rule_engine_integration.TestRealWorldRuleScenarios" name="test_action_parameters_passed_correctly" time="0.003" /><testcase classname="tests.integration.test_rules_regression.TestRulesRegression" name="test_regression_suite" time="0.062" /><testcase classname="tests.integration.test_rules_regression.TestRulesRegression" name="test_booking_001_new_confirmation" time="0.001" /><testcase classname="tests.integration.test_rules_regression.TestRulesRegression" name="test_booking_002_two_hour_reminder" time="0.001" /><testcase classname="tests.integration.test_rules_regression.TestRulesRegression" name="test_booking_003_evening_option_sms" time="0.001" /><testcase classname="tests.integration.test_rules_regression.TestRulesRegression" name="test_booking_004_all_flags_set" time="0.000" /><testcase classname="tests.integration.test_rules_regression.TestRulesRegression" name="test_booking_005_no_keyword" time="0.000" /><testcase classname="tests.integration.test_rules_regression.TestRulesRegression" name="test_booking_006_date_range_within" time="0.000" /><testcase classname="tests.integration.test_rules_regression.TestRulesRegression" name="test_booking_007_date_range_before" time="0.000" /><testcase classname="tests.integration.test_rules_regression.TestRulesRegression" name="test_booking_008_date_range_after" time="0.000" /><testcase classname="tests.integration.test_rules_regression.TestRulesRegression" name="test_booking_009_expert_correction_slack_digest" time="0.000" /><testcase classname="tests.integration.test_rules_regression.TestRulesRegression" name="test_booking_010_holiday_event_customer_list" time="0.000" /><testcase classname="tests.integration.test_rules_regression.TestRulesRegression" name="test_has_multiple_options_sufficient_matches" time="0.000"><failure message="assert False is True">tests/integration/test_rules_regression.py:721: in test_has_multiple_options_sufficient_matches
    assert result is True
E   assert False is True</failure></testcase><testcase classname="tests.integration.test_rules_regression.TestRulesRegression" name="test_has_multiple_options_insufficient_matches" time="0.000" /><testcase classname="tests.integration.test_rules_regression.TestRulesRegression" name="test_has_multiple_options_no_matches" time="0.000" /><testcase classname="tests.integration.test_rules_regression.TestRulesRegression" name="test_has_multiple_options_multiple_options_single_keyword" time="0.001"><failure message="assert False is True">tests/integration/test_rules_regression.py:789: in test_has_multiple_options_multiple_options_single_keyword
    assert result is True
E   assert False is True</failure></testcase><testcase classname="tests.integration.test_rules_regression.TestSlackEnabledRegression" name="test_booking_009_slack_enabled_expert_correction" time="0.022"><failure message="AssertionError: Expected at least one action (send_slack) for Expert Correction rule&#10;assert 0 &gt; 0">tests/integration/test_rules_regression.py:878: in test_booking_009_slack_enabled_expert_correction
    assert (
E   AssertionError: Expected at least one action (send_slack) for Expert Correction rule
E   assert 0 &gt; 0</failure></testcase><testcase classname="tests.integration.test_rules_regression.TestSlackEnabledRegression" name="test_booking_010_slack_enabled_holiday_event" time="0.023"><failure message="AssertionError: Expected at least one action (send_slack) for Holiday Event rule&#10;assert 0 &gt; 0">tests/integration/test_rules_regression.py:903: in test_booking_010_slack_enabled_holiday_event
    assert (
E   AssertionError: Expected at least one action (send_slack) for Holiday Event rule
E   assert 0 &gt; 0</failure></testcase><testcase classname="tests.integration.test_slack_integration.TestSlackTemplateLoader" name="test_template_loader_initializes" time="0.000" /><testcase classname="tests.integration.test_slack_integration.TestSlackTemplateLoader" name="test_template_loader_loads_templates" time="0.004" /><testcase classname="tests.integration.test_slack_integration.TestSlackTemplateLoader" name="test_template_loader_caches_templates" time="0.001" /><testcase classname="tests.integration.test_slack_integration.TestSlackTemplateLoader" name="test_template_render_with_variables" time="0.003" /><testcase classname="tests.integration.test_slack_integration.TestSlackTemplateLoader" name="test_template_render_fails_on_missing_template" time="0.001" /><testcase classname="tests.integration.test_slack_integration.TestSlackTemplateLoader" name="test_template_render_lists_available_templates" time="0.001" /><testcase classname="tests.integration.test_slack_integration.TestSlackTemplateLoader" name="test_holiday_event_template_includes_options" time="0.003" /><testcase classname="tests.integration.test_slack_integration.TestSendSlackAction" name="test_send_slack_with_static_message" time="0.001" /><testcase classname="tests.integration.test_slack_integration.TestSendSlackAction" name="test_send_slack_with_template_rendering" time="0.001" /><testcase classname="tests.integration.test_slack_integration.TestSendSlackAction" name="test_send_slack_with_channel_override" time="0.001" /><testcase classname="tests.integration.test_slack_integration.TestSendSlackAction" name="test_send_slack_disabled_skips_delivery" time="0.001" /><testcase classname="tests.integration.test_slack_integration.TestSendSlackAction" name="test_send_slack_raises_on_missing_message_and_template" time="0.001" /><testcase classname="tests.integration.test_slack_integration.TestSendSlackAction" name="test_send_slack_raises_on_missing_template_loader" time="0.001" /><testcase classname="tests.integration.test_slack_integration.TestSendSlackAction" name="test_send_slack_raises_on_missing_slack_service" time="0.001" /><testcase classname="tests.integration.test_slack_integration.TestSendSlackAction" name="test_send_slack_template_rendering_failure_wraps_error" time="0.001" /><testcase classname="tests.integration.test_slack_integration.TestSendSlackAction" name="test_send_slack_webhook_failure_wraps_error" time="0.004" /><testcase classname="tests.integration.test_slack_integration.TestSendSlackAction" name="test_send_slack_logs_debug_info" time="0.001" /><testcase classname="tests.integration.test_slack_integration.TestSendSlackAction" name="test_send_slack_logs_info_on_success" time="0.001" /><testcase classname="tests.integration.test_slack_integration.TestSendSlackAction" name="test_send_slack_logs_error_on_failure" time="0.001" /><testcase classname="tests.integration.test_slack_integration.TestSendSlackAction" name="test_send_slack_preserves_booking_context_in_error" time="0.001" /><testcase classname="tests.integration.test_slack_integration.TestSlackConfigurationPlumbing" name="test_slack_webhook_url_loads_from_config_file" time="0.096" /><testcase classname="tests.integration.test_slack_integration.TestSlackConfigurationPlumbing" name="test_slack_enabled_flag_in_settings_dict" time="0.000" /><testcase classname="tests.integration.test_slack_integration.TestSlackConfigurationPlumbing" name="test_slack_config_file_path_configurable" time="0.000" /><testcase classname="tests.integration.test_slack_integration.TestSlackBookingIntegration" name="test_slack_triggered_by_expert_correction_condition" time="0.000" /><testcase classname="tests.integration.test_slack_integration.TestSlackRegressionDefaults" name="test_slack_disabled_in_regression_by_default" time="0.000" /><testcase classname="tests.integration.test_slack_integration.TestSlackRegressionDefaults" name="test_slack_can_be_explicitly_enabled_in_regression" time="0.003" /><testcase classname="tests.integration.test_validation_campaign.TestValidationCampaignBootstrap" name="test_bootstrap_creates_required_directories" time="0.003" /><testcase classname="tests.integration.test_validation_campaign.TestValidationCampaignBootstrap" name="test_bootstrap_generates_campaign_metadata" time="0.004" /><testcase classname="tests.integration.test_validation_campaign.TestValidationCampaignBootstrap" name="test_bootstrap_validation_prerequisites_pass" time="0.001" /><testcase classname="tests.integration.test_validation_campaign.TestValidationCampaignBootstrap" name="test_bootstrap_validation_fails_with_invalid_config" time="0.002" /><testcase classname="tests.integration.test_validation_campaign.TestValidationCampaignBootstrap" name="test_bootstrap_creates_validation_context" time="0.001" /><testcase classname="tests.integration.test_validation_campaign.TestValidationCampaignComparison" name="test_diff_reporter_generates_json_artifacts" time="0.004" /><testcase classname="tests.integration.test_validation_campaign.TestValidationCampaignComparison" name="test_diff_reporter_generates_markdown_artifacts" time="0.005" /><testcase classname="tests.integration.test_validation_campaign.TestValidationCampaignComparison" name="test_diff_reporter_aggregates_results" time="0.005" /><testcase classname="tests.integration.test_validation_campaign.TestValidationCampaignComparison" name="test_diff_reporter_includes_slack_webhook_comparison" time="0.002" /><testcase classname="tests.integration.test_validation_campaign.TestValidationCampaignMetrics" name="test_cloudwatch_metrics_published" time="0.001" /><testcase classname="tests.integration.test_validation_campaign.TestValidationCampaignSlack" name="test_slack_webhook_client_initialized" time="0.000" /><testcase classname="tests.integration.test_validation_campaign.TestValidationCampaignSlack" name="test_slack_validation_started_notification" time="0.001" /><testcase classname="tests.integration.test_validation_campaign.TestValidationCampaignSlack" name="test_slack_validation_completed_notification" time="0.001" /><testcase classname="tests.integration.test_validation_campaign.TestValidationCampaignSlack" name="test_slack_parity_mismatch_alert" time="0.001" /><testcase classname="tests.integration.test_validation_campaign.TestValidationCampaignSuccessCriteria" name="test_campaign_succeeds_with_100_percent_parity" time="0.000" /><testcase classname="tests.integration.test_validation_campaign.TestValidationCampaignSuccessCriteria" name="test_campaign_fails_with_mismatches" time="0.000" /><testcase classname="tests.integration.test_validation_campaign.TestValidationCampaignIntegration" name="test_full_campaign_workflow" time="0.006" /><testcase classname="tests.integration.test_validation_campaign.TestValidationCampaignIntegration" name="test_campaign_generates_all_artifacts" time="0.003" /><testcase classname="tests.integration.test_validation_campaign.TestValidationCampaignOrchestratorEndToEnd" name="test_orchestrator_runs_complete_campaign" time="0.016" /><testcase classname="tests.integration.test_validation_campaign.TestValidationCampaignOrchestratorEndToEnd" name="test_orchestrator_collects_evidence_with_validation_md_updated" time="0.013" /><testcase classname="tests.comparison.test_output_parity.TestOutputParity" name="test_parity_new_booking_confirmation[case1_new_booking_001]" time="1.490" /><testcase classname="tests.comparison.test_output_parity.TestOutputParity" name="test_parity_new_booking_confirmation[case2_two_hour_001]" time="0.001"><skipped type="pytest.skip" message="Not a new booking scenario">/Users/sooyeol/Desktop/Code/naver_sms_automation_refactoring/tests/comparison/test_output_parity.py:77: Not a new booking scenario</skipped></testcase><testcase classname="tests.comparison.test_output_parity.TestOutputParity" name="test_parity_new_booking_confirmation[case3_option_8pm_001]" time="0.001"><skipped type="pytest.skip" message="Not a new booking scenario">/Users/sooyeol/Desktop/Code/naver_sms_automation_refactoring/tests/comparison/test_output_parity.py:77: Not a new booking scenario</skipped></testcase><testcase classname="tests.comparison.test_output_parity.TestOutputParity" name="test_parity_new_booking_confirmation[case3b_option_8pm_002]" time="0.001"><skipped type="pytest.skip" message="Not a new booking scenario">/Users/sooyeol/Desktop/Code/naver_sms_automation_refactoring/tests/comparison/test_output_parity.py:77: Not a new booking scenario</skipped></testcase><testcase classname="tests.comparison.test_output_parity.TestOutputParity" name="test_parity_new_booking_confirmation[case3c_option_8pm_003]" time="0.001"><skipped type="pytest.skip" message="Not a new booking scenario">/Users/sooyeol/Desktop/Code/naver_sms_automation_refactoring/tests/comparison/test_output_parity.py:77: Not a new booking scenario</skipped></testcase><testcase classname="tests.comparison.test_output_parity.TestOutputParity" name="test_parity_new_booking_confirmation[case4_cookie_refresh_001]" time="0.001"><skipped type="pytest.skip" message="Not a new booking scenario">/Users/sooyeol/Desktop/Code/naver_sms_automation_refactoring/tests/comparison/test_output_parity.py:77: Not a new booking scenario</skipped></testcase><testcase classname="tests.comparison.test_output_parity.TestOutputParity" name="test_parity_new_booking_confirmation[case4b_cookie_refresh_002]" time="0.001"><skipped type="pytest.skip" message="Not a new booking scenario">/Users/sooyeol/Desktop/Code/naver_sms_automation_refactoring/tests/comparison/test_output_parity.py:77: Not a new booking scenario</skipped></testcase><testcase classname="tests.comparison.test_output_parity.TestOutputParity" name="test_parity_new_booking_confirmation[case5_empty_response]" time="0.001"><skipped type="pytest.skip" message="Not a new booking scenario">/Users/sooyeol/Desktop/Code/naver_sms_automation_refactoring/tests/comparison/test_output_parity.py:77: Not a new booking scenario</skipped></testcase><testcase classname="tests.comparison.test_output_parity.TestOutputParity" name="test_parity_new_booking_confirmation[case6_volume_001]" time="0.001"><skipped type="pytest.skip" message="Not a new booking scenario">/Users/sooyeol/Desktop/Code/naver_sms_automation_refactoring/tests/comparison/test_output_parity.py:77: Not a new booking scenario</skipped></testcase><testcase classname="tests.comparison.test_output_parity.TestOutputParity" name="test_parity_new_booking_confirmation[case6_volume_002]" time="0.001"><skipped type="pytest.skip" message="Not a new booking scenario">/Users/sooyeol/Desktop/Code/naver_sms_automation_refactoring/tests/comparison/test_output_parity.py:77: Not a new booking scenario</skipped></testcase><testcase classname="tests.comparison.test_output_parity.TestOutputParity" name="test_parity_new_booking_confirmation[case6_volume_003]" time="0.001"><skipped type="pytest.skip" message="Not a new booking scenario">/Users/sooyeol/Desktop/Code/naver_sms_automation_refactoring/tests/comparison/test_output_parity.py:77: Not a new booking scenario</skipped></testcase><testcase classname="tests.comparison.test_output_parity.TestOutputParity" name="test_parity_new_booking_confirmation[case6_volume_050]" time="0.001"><skipped type="pytest.skip" message="Not a new booking scenario">/Users/sooyeol/Desktop/Code/naver_sms_automation_refactoring/tests/comparison/test_output_parity.py:77: Not a new booking scenario</skipped></testcase><testcase classname="tests.comparison.test_output_parity.TestOutputParity" name="test_parity_new_booking_confirmation[case1b_new_with_option]" time="1.546" /><testcase classname="tests.comparison.test_output_parity.TestOutputParity" name="test_parity_new_booking_confirmation[case2b_all_flags_set]" time="0.001"><skipped type="pytest.skip" message="Not a new booking scenario">/Users/sooyeol/Desktop/Code/naver_sms_automation_refactoring/tests/comparison/test_output_parity.py:77: Not a new booking scenario</skipped></testcase><testcase classname="tests.comparison.test_output_parity.TestOutputParity" name="test_parity_new_booking_confirmation[case2c_no_option_match]" time="0.001"><skipped type="pytest.skip" message="Not a new booking scenario">/Users/sooyeol/Desktop/Code/naver_sms_automation_refactoring/tests/comparison/test_output_parity.py:77: Not a new booking scenario</skipped></testcase><testcase classname="tests.comparison.test_output_parity.TestOutputParity" name="test_parity_two_hour_reminder[case1_new_booking_001]" time="0.001"><skipped type="pytest.skip" message="Not a two-hour scenario">/Users/sooyeol/Desktop/Code/naver_sms_automation_refactoring/tests/comparison/test_output_parity.py:85: Not a two-hour scenario</skipped></testcase><testcase classname="tests.comparison.test_output_parity.TestOutputParity" name="test_parity_two_hour_reminder[case2_two_hour_001]" time="1.410" /><testcase classname="tests.comparison.test_output_parity.TestOutputParity" name="test_parity_two_hour_reminder[case3_option_8pm_001]" time="0.001"><skipped type="pytest.skip" message="Not a two-hour scenario">/Users/sooyeol/Desktop/Code/naver_sms_automation_refactoring/tests/comparison/test_output_parity.py:85: Not a two-hour scenario</skipped></testcase><testcase classname="tests.comparison.test_output_parity.TestOutputParity" name="test_parity_two_hour_reminder[case3b_option_8pm_002]" time="0.001"><skipped type="pytest.skip" message="Not a two-hour scenario">/Users/sooyeol/Desktop/Code/naver_sms_automation_refactoring/tests/comparison/test_output_parity.py:85: Not a two-hour scenario</skipped></testcase><testcase classname="tests.comparison.test_output_parity.TestOutputParity" name="test_parity_two_hour_reminder[case3c_option_8pm_003]" time="0.001"><skipped type="pytest.skip" message="Not a two-hour scenario">/Users/sooyeol/Desktop/Code/naver_sms_automation_refactoring/tests/comparison/test_output_parity.py:85: Not a two-hour scenario</skipped></testcase><testcase classname="tests.comparison.test_output_parity.TestOutputParity" name="test_parity_two_hour_reminder[case4_cookie_refresh_001]" time="0.001"><skipped type="pytest.skip" message="Not a two-hour scenario">/Users/sooyeol/Desktop/Code/naver_sms_automation_refactoring/tests/comparison/test_output_parity.py:85: Not a two-hour scenario</skipped></testcase><testcase classname="tests.comparison.test_output_parity.TestOutputParity" name="test_parity_two_hour_reminder[case4b_cookie_refresh_002]" time="0.001"><skipped type="pytest.skip" message="Not a two-hour scenario">/Users/sooyeol/Desktop/Code/naver_sms_automation_refactoring/tests/comparison/test_output_parity.py:85: Not a two-hour scenario</skipped></testcase><testcase classname="tests.comparison.test_output_parity.TestOutputParity" name="test_parity_two_hour_reminder[case5_empty_response]" time="0.001"><skipped type="pytest.skip" message="Not a two-hour scenario">/Users/sooyeol/Desktop/Code/naver_sms_automation_refactoring/tests/comparison/test_output_parity.py:85: Not a two-hour scenario</skipped></testcase><testcase classname="tests.comparison.test_output_parity.TestOutputParity" name="test_parity_two_hour_reminder[case6_volume_001]" time="0.001"><skipped type="pytest.skip" message="Not a two-hour scenario">/Users/sooyeol/Desktop/Code/naver_sms_automation_refactoring/tests/comparison/test_output_parity.py:85: Not a two-hour scenario</skipped></testcase><testcase classname="tests.comparison.test_output_parity.TestOutputParity" name="test_parity_two_hour_reminder[case6_volume_002]" time="0.001"><skipped type="pytest.skip" message="Not a two-hour scenario">/Users/sooyeol/Desktop/Code/naver_sms_automation_refactoring/tests/comparison/test_output_parity.py:85: Not a two-hour scenario</skipped></testcase><testcase classname="tests.comparison.test_output_parity.TestOutputParity" name="test_parity_two_hour_reminder[case6_volume_003]" time="0.001"><skipped type="pytest.skip" message="Not a two-hour scenario">/Users/sooyeol/Desktop/Code/naver_sms_automation_refactoring/tests/comparison/test_output_parity.py:85: Not a two-hour scenario</skipped></testcase><testcase classname="tests.comparison.test_output_parity.TestOutputParity" name="test_parity_two_hour_reminder[case6_volume_050]" time="0.001"><skipped type="pytest.skip" message="Not a two-hour scenario">/Users/sooyeol/Desktop/Code/naver_sms_automation_refactoring/tests/comparison/test_output_parity.py:85: Not a two-hour scenario</skipped></testcase><testcase classname="tests.comparison.test_output_parity.TestOutputParity" name="test_parity_two_hour_reminder[case1b_new_with_option]" time="0.001"><skipped type="pytest.skip" message="Not a two-hour scenario">/Users/sooyeol/Desktop/Code/naver_sms_automation_refactoring/tests/comparison/test_output_parity.py:85: Not a two-hour scenario</skipped></testcase><testcase classname="tests.comparison.test_output_parity.TestOutputParity" name="test_parity_two_hour_reminder[case2b_all_flags_set]" time="1.408" /><testcase classname="tests.comparison.test_output_parity.TestOutputParity" name="test_parity_two_hour_reminder[case2c_no_option_match]" time="1.559" /><testcase classname="tests.comparison.test_output_parity.TestOutputParity" name="test_parity_option_keyword_8pm[case1_new_booking_001]" time="0.001"><skipped type="pytest.skip" message="Not an option scenario">/Users/sooyeol/Desktop/Code/naver_sms_automation_refactoring/tests/comparison/test_output_parity.py:93: Not an option scenario</skipped></testcase><testcase classname="tests.comparison.test_output_parity.TestOutputParity" name="test_parity_option_keyword_8pm[case2_two_hour_001]" time="0.001"><skipped type="pytest.skip" message="Not an option scenario">/Users/sooyeol/Desktop/Code/naver_sms_automation_refactoring/tests/comparison/test_output_parity.py:93: Not an option scenario</skipped></testcase><testcase classname="tests.comparison.test_output_parity.TestOutputParity" name="test_parity_option_keyword_8pm[case3_option_8pm_001]" time="1.297" /><testcase classname="tests.comparison.test_output_parity.TestOutputParity" name="test_parity_option_keyword_8pm[case3b_option_8pm_002]" time="1.421" /><testcase classname="tests.comparison.test_output_parity.TestOutputParity" name="test_parity_option_keyword_8pm[case3c_option_8pm_003]" time="1.317" /><testcase classname="tests.comparison.test_output_parity.TestOutputParity" name="test_parity_option_keyword_8pm[case4_cookie_refresh_001]" time="0.001"><skipped type="pytest.skip" message="Not an option scenario">/Users/sooyeol/Desktop/Code/naver_sms_automation_refactoring/tests/comparison/test_output_parity.py:93: Not an option scenario</skipped></testcase><testcase classname="tests.comparison.test_output_parity.TestOutputParity" name="test_parity_option_keyword_8pm[case4b_cookie_refresh_002]" time="0.001"><skipped type="pytest.skip" message="Not an option scenario">/Users/sooyeol/Desktop/Code/naver_sms_automation_refactoring/tests/comparison/test_output_parity.py:93: Not an option scenario</skipped></testcase><testcase classname="tests.comparison.test_output_parity.TestOutputParity" name="test_parity_option_keyword_8pm[case5_empty_response]" time="0.001"><skipped type="pytest.skip" message="Not an option scenario">/Users/sooyeol/Desktop/Code/naver_sms_automation_refactoring/tests/comparison/test_output_parity.py:93: Not an option scenario</skipped></testcase><testcase classname="tests.comparison.test_output_parity.TestOutputParity" name="test_parity_option_keyword_8pm[case6_volume_001]" time="0.001"><skipped type="pytest.skip" message="Not an option scenario">/Users/sooyeol/Desktop/Code/naver_sms_automation_refactoring/tests/comparison/test_output_parity.py:93: Not an option scenario</skipped></testcase><testcase classname="tests.comparison.test_output_parity.TestOutputParity" name="test_parity_option_keyword_8pm[case6_volume_002]" time="0.001"><skipped type="pytest.skip" message="Not an option scenario">/Users/sooyeol/Desktop/Code/naver_sms_automation_refactoring/tests/comparison/test_output_parity.py:93: Not an option scenario</skipped></testcase><testcase classname="tests.comparison.test_output_parity.TestOutputParity" name="test_parity_option_keyword_8pm[case6_volume_003]" time="0.001"><skipped type="pytest.skip" message="Not an option scenario">/Users/sooyeol/Desktop/Code/naver_sms_automation_refactoring/tests/comparison/test_output_parity.py:93: Not an option scenario</skipped></testcase><testcase classname="tests.comparison.test_output_parity.TestOutputParity" name="test_parity_option_keyword_8pm[case6_volume_050]" time="0.001"><skipped type="pytest.skip" message="Not an option scenario">/Users/sooyeol/Desktop/Code/naver_sms_automation_refactoring/tests/comparison/test_output_parity.py:93: Not an option scenario</skipped></testcase><testcase classname="tests.comparison.test_output_parity.TestOutputParity" name="test_parity_option_keyword_8pm[case1b_new_with_option]" time="1.415" /><testcase classname="tests.comparison.test_output_parity.TestOutputParity" name="test_parity_option_keyword_8pm[case2b_all_flags_set]" time="0.001"><skipped type="pytest.skip" message="Not an option scenario">/Users/sooyeol/Desktop/Code/naver_sms_automation_refactoring/tests/comparison/test_output_parity.py:93: Not an option scenario</skipped></testcase><testcase classname="tests.comparison.test_output_parity.TestOutputParity" name="test_parity_option_keyword_8pm[case2c_no_option_match]" time="1.325" /><testcase classname="tests.comparison.test_output_parity.TestOutputParity" name="test_parity_cookie_expiry[case1_new_booking_001]" time="0.001"><skipped type="pytest.skip" message="Not a cookie scenario">/Users/sooyeol/Desktop/Code/naver_sms_automation_refactoring/tests/comparison/test_output_parity.py:101: Not a cookie scenario</skipped></testcase><testcase classname="tests.comparison.test_output_parity.TestOutputParity" name="test_parity_cookie_expiry[case2_two_hour_001]" time="0.001"><skipped type="pytest.skip" message="Not a cookie scenario">/Users/sooyeol/Desktop/Code/naver_sms_automation_refactoring/tests/comparison/test_output_parity.py:101: Not a cookie scenario</skipped></testcase><testcase classname="tests.comparison.test_output_parity.TestOutputParity" name="test_parity_cookie_expiry[case3_option_8pm_001]" time="0.001"><skipped type="pytest.skip" message="Not a cookie scenario">/Users/sooyeol/Desktop/Code/naver_sms_automation_refactoring/tests/comparison/test_output_parity.py:101: Not a cookie scenario</skipped></testcase><testcase classname="tests.comparison.test_output_parity.TestOutputParity" name="test_parity_cookie_expiry[case3b_option_8pm_002]" time="0.001"><skipped type="pytest.skip" message="Not a cookie scenario">/Users/sooyeol/Desktop/Code/naver_sms_automation_refactoring/tests/comparison/test_output_parity.py:101: Not a cookie scenario</skipped></testcase><testcase classname="tests.comparison.test_output_parity.TestOutputParity" name="test_parity_cookie_expiry[case3c_option_8pm_003]" time="0.001"><skipped type="pytest.skip" message="Not a cookie scenario">/Users/sooyeol/Desktop/Code/naver_sms_automation_refactoring/tests/comparison/test_output_parity.py:101: Not a cookie scenario</skipped></testcase><testcase classname="tests.comparison.test_output_parity.TestOutputParity" name="test_parity_cookie_expiry[case4_cookie_refresh_001]" time="1.424" /><testcase classname="tests.comparison.test_output_parity.TestOutputParity" name="test_parity_cookie_expiry[case4b_cookie_refresh_002]" time="1.279" /><testcase classname="tests.comparison.test_output_parity.TestOutputParity" name="test_parity_cookie_expiry[case5_empty_response]" time="0.001"><skipped type="pytest.skip" message="Not a cookie scenario">/Users/sooyeol/Desktop/Code/naver_sms_automation_refactoring/tests/comparison/test_output_parity.py:101: Not a cookie scenario</skipped></testcase><testcase classname="tests.comparison.test_output_parity.TestOutputParity" name="test_parity_cookie_expiry[case6_volume_001]" time="0.001"><skipped type="pytest.skip" message="Not a cookie scenario">/Users/sooyeol/Desktop/Code/naver_sms_automation_refactoring/tests/comparison/test_output_parity.py:101: Not a cookie scenario</skipped></testcase><testcase classname="tests.comparison.test_output_parity.TestOutputParity" name="test_parity_cookie_expiry[case6_volume_002]" time="0.001"><skipped type="pytest.skip" message="Not a cookie scenario">/Users/sooyeol/Desktop/Code/naver_sms_automation_refactoring/tests/comparison/test_output_parity.py:101: Not a cookie scenario</skipped></testcase><testcase classname="tests.comparison.test_output_parity.TestOutputParity" name="test_parity_cookie_expiry[case6_volume_003]" time="0.001"><skipped type="pytest.skip" message="Not a cookie scenario">/Users/sooyeol/Desktop/Code/naver_sms_automation_refactoring/tests/comparison/test_output_parity.py:101: Not a cookie scenario</skipped></testcase><testcase classname="tests.comparison.test_output_parity.TestOutputParity" name="test_parity_cookie_expiry[case6_volume_050]" time="0.001"><skipped type="pytest.skip" message="Not a cookie scenario">/Users/sooyeol/Desktop/Code/naver_sms_automation_refactoring/tests/comparison/test_output_parity.py:101: Not a cookie scenario</skipped></testcase><testcase classname="tests.comparison.test_output_parity.TestOutputParity" name="test_parity_cookie_expiry[case1b_new_with_option]" time="0.001"><skipped type="pytest.skip" message="Not a cookie scenario">/Users/sooyeol/Desktop/Code/naver_sms_automation_refactoring/tests/comparison/test_output_parity.py:101: Not a cookie scenario</skipped></testcase><testcase classname="tests.comparison.test_output_parity.TestOutputParity" name="test_parity_cookie_expiry[case2b_all_flags_set]" time="0.000"><skipped type="pytest.skip" message="Not a cookie scenario">/Users/sooyeol/Desktop/Code/naver_sms_automation_refactoring/tests/comparison/test_output_parity.py:101: Not a cookie scenario</skipped></testcase><testcase classname="tests.comparison.test_output_parity.TestOutputParity" name="test_parity_cookie_expiry[case2c_no_option_match]" time="0.001"><skipped type="pytest.skip" message="Not a cookie scenario">/Users/sooyeol/Desktop/Code/naver_sms_automation_refactoring/tests/comparison/test_output_parity.py:101: Not a cookie scenario</skipped></testcase><testcase classname="tests.comparison.test_output_parity.TestOutputParity" name="test_parity_empty_response[case1_new_booking_001]" time="0.001"><skipped type="pytest.skip" message="Not an empty response scenario">/Users/sooyeol/Desktop/Code/naver_sms_automation_refactoring/tests/comparison/test_output_parity.py:109: Not an empty response scenario</skipped></testcase><testcase classname="tests.comparison.test_output_parity.TestOutputParity" name="test_parity_empty_response[case2_two_hour_001]" time="0.001"><skipped type="pytest.skip" message="Not an empty response scenario">/Users/sooyeol/Desktop/Code/naver_sms_automation_refactoring/tests/comparison/test_output_parity.py:109: Not an empty response scenario</skipped></testcase><testcase classname="tests.comparison.test_output_parity.TestOutputParity" name="test_parity_empty_response[case3_option_8pm_001]" time="0.001"><skipped type="pytest.skip" message="Not an empty response scenario">/Users/sooyeol/Desktop/Code/naver_sms_automation_refactoring/tests/comparison/test_output_parity.py:109: Not an empty response scenario</skipped></testcase><testcase classname="tests.comparison.test_output_parity.TestOutputParity" name="test_parity_empty_response[case3b_option_8pm_002]" time="0.001"><skipped type="pytest.skip" message="Not an empty response scenario">/Users/sooyeol/Desktop/Code/naver_sms_automation_refactoring/tests/comparison/test_output_parity.py:109: Not an empty response scenario</skipped></testcase><testcase classname="tests.comparison.test_output_parity.TestOutputParity" name="test_parity_empty_response[case3c_option_8pm_003]" time="0.000"><skipped type="pytest.skip" message="Not an empty response scenario">/Users/sooyeol/Desktop/Code/naver_sms_automation_refactoring/tests/comparison/test_output_parity.py:109: Not an empty response scenario</skipped></testcase><testcase classname="tests.comparison.test_output_parity.TestOutputParity" name="test_parity_empty_response[case4_cookie_refresh_001]" time="0.000"><skipped type="pytest.skip" message="Not an empty response scenario">/Users/sooyeol/Desktop/Code/naver_sms_automation_refactoring/tests/comparison/test_output_parity.py:109: Not an empty response scenario</skipped></testcase><testcase classname="tests.comparison.test_output_parity.TestOutputParity" name="test_parity_empty_response[case4b_cookie_refresh_002]" time="0.000"><skipped type="pytest.skip" message="Not an empty response scenario">/Users/sooyeol/Desktop/Code/naver_sms_automation_refactoring/tests/comparison/test_output_parity.py:109: Not an empty response scenario</skipped></testcase><testcase classname="tests.comparison.test_output_parity.TestOutputParity" name="test_parity_empty_response[case5_empty_response]" time="1.399" /><testcase classname="tests.comparison.test_output_parity.TestOutputParity" name="test_parity_empty_response[case6_volume_001]" time="0.001"><skipped type="pytest.skip" message="Not an empty response scenario">/Users/sooyeol/Desktop/Code/naver_sms_automation_refactoring/tests/comparison/test_output_parity.py:109: Not an empty response scenario</skipped></testcase><testcase classname="tests.comparison.test_output_parity.TestOutputParity" name="test_parity_empty_response[case6_volume_002]" time="0.001"><skipped type="pytest.skip" message="Not an empty response scenario">/Users/sooyeol/Desktop/Code/naver_sms_automation_refactoring/tests/comparison/test_output_parity.py:109: Not an empty response scenario</skipped></testcase><testcase classname="tests.comparison.test_output_parity.TestOutputParity" name="test_parity_empty_response[case6_volume_003]" time="0.001"><skipped type="pytest.skip" message="Not an empty response scenario">/Users/sooyeol/Desktop/Code/naver_sms_automation_refactoring/tests/comparison/test_output_parity.py:109: Not an empty response scenario</skipped></testcase><testcase classname="tests.comparison.test_output_parity.TestOutputParity" name="test_parity_empty_response[case6_volume_050]" time="0.001"><skipped type="pytest.skip" message="Not an empty response scenario">/Users/sooyeol/Desktop/Code/naver_sms_automation_refactoring/tests/comparison/test_output_parity.py:109: Not an empty response scenario</skipped></testcase><testcase classname="tests.comparison.test_output_parity.TestOutputParity" name="test_parity_empty_response[case1b_new_with_option]" time="0.001"><skipped type="pytest.skip" message="Not an empty response scenario">/Users/sooyeol/Desktop/Code/naver_sms_automation_refactoring/tests/comparison/test_output_parity.py:109: Not an empty response scenario</skipped></testcase><testcase classname="tests.comparison.test_output_parity.TestOutputParity" name="test_parity_empty_response[case2b_all_flags_set]" time="0.001"><skipped type="pytest.skip" message="Not an empty response scenario">/Users/sooyeol/Desktop/Code/naver_sms_automation_refactoring/tests/comparison/test_output_parity.py:109: Not an empty response scenario</skipped></testcase><testcase classname="tests.comparison.test_output_parity.TestOutputParity" name="test_parity_empty_response[case2c_no_option_match]" time="0.001"><skipped type="pytest.skip" message="Not an empty response scenario">/Users/sooyeol/Desktop/Code/naver_sms_automation_refactoring/tests/comparison/test_output_parity.py:109: Not an empty response scenario</skipped></testcase><testcase classname="tests.comparison.test_output_parity.TestOutputParity" name="test_parity_high_volume[case1_new_booking_001]" time="0.001"><skipped type="pytest.skip" message="Not a high-volume scenario">/Users/sooyeol/Desktop/Code/naver_sms_automation_refactoring/tests/comparison/test_output_parity.py:117: Not a high-volume scenario</skipped></testcase><testcase classname="tests.comparison.test_output_parity.TestOutputParity" name="test_parity_high_volume[case2_two_hour_001]" time="0.001"><skipped type="pytest.skip" message="Not a high-volume scenario">/Users/sooyeol/Desktop/Code/naver_sms_automation_refactoring/tests/comparison/test_output_parity.py:117: Not a high-volume scenario</skipped></testcase><testcase classname="tests.comparison.test_output_parity.TestOutputParity" name="test_parity_high_volume[case3_option_8pm_001]" time="0.001"><skipped type="pytest.skip" message="Not a high-volume scenario">/Users/sooyeol/Desktop/Code/naver_sms_automation_refactoring/tests/comparison/test_output_parity.py:117: Not a high-volume scenario</skipped></testcase><testcase classname="tests.comparison.test_output_parity.TestOutputParity" name="test_parity_high_volume[case3b_option_8pm_002]" time="0.001"><skipped type="pytest.skip" message="Not a high-volume scenario">/Users/sooyeol/Desktop/Code/naver_sms_automation_refactoring/tests/comparison/test_output_parity.py:117: Not a high-volume scenario</skipped></testcase><testcase classname="tests.comparison.test_output_parity.TestOutputParity" name="test_parity_high_volume[case3c_option_8pm_003]" time="0.001"><skipped type="pytest.skip" message="Not a high-volume scenario">/Users/sooyeol/Desktop/Code/naver_sms_automation_refactoring/tests/comparison/test_output_parity.py:117: Not a high-volume scenario</skipped></testcase><testcase classname="tests.comparison.test_output_parity.TestOutputParity" name="test_parity_high_volume[case4_cookie_refresh_001]" time="0.001"><skipped type="pytest.skip" message="Not a high-volume scenario">/Users/sooyeol/Desktop/Code/naver_sms_automation_refactoring/tests/comparison/test_output_parity.py:117: Not a high-volume scenario</skipped></testcase><testcase classname="tests.comparison.test_output_parity.TestOutputParity" name="test_parity_high_volume[case4b_cookie_refresh_002]" time="0.001"><skipped type="pytest.skip" message="Not a high-volume scenario">/Users/sooyeol/Desktop/Code/naver_sms_automation_refactoring/tests/comparison/test_output_parity.py:117: Not a high-volume scenario</skipped></testcase><testcase classname="tests.comparison.test_output_parity.TestOutputParity" name="test_parity_high_volume[case5_empty_response]" time="0.001"><skipped type="pytest.skip" message="Not a high-volume scenario">/Users/sooyeol/Desktop/Code/naver_sms_automation_refactoring/tests/comparison/test_output_parity.py:117: Not a high-volume scenario</skipped></testcase><testcase classname="tests.comparison.test_output_parity.TestOutputParity" name="test_parity_high_volume[case6_volume_001]" time="1.371" /><testcase classname="tests.comparison.test_output_parity.TestOutputParity" name="test_parity_high_volume[case6_volume_002]" time="1.331" /><testcase classname="tests.comparison.test_output_parity.TestOutputParity" name="test_parity_high_volume[case6_volume_003]" time="1.300" /><testcase classname="tests.comparison.test_output_parity.TestOutputParity" name="test_parity_high_volume[case6_volume_050]" time="1.278" /><testcase classname="tests.comparison.test_output_parity.TestOutputParity" name="test_parity_high_volume[case1b_new_with_option]" time="0.001"><skipped type="pytest.skip" message="Not a high-volume scenario">/Users/sooyeol/Desktop/Code/naver_sms_automation_refactoring/tests/comparison/test_output_parity.py:117: Not a high-volume scenario</skipped></testcase><testcase classname="tests.comparison.test_output_parity.TestOutputParity" name="test_parity_high_volume[case2b_all_flags_set]" time="0.001"><skipped type="pytest.skip" message="Not a high-volume scenario">/Users/sooyeol/Desktop/Code/naver_sms_automation_refactoring/tests/comparison/test_output_parity.py:117: Not a high-volume scenario</skipped></testcase><testcase classname="tests.comparison.test_output_parity.TestOutputParity" name="test_parity_high_volume[case2c_no_option_match]" time="0.000"><skipped type="pytest.skip" message="Not a high-volume scenario">/Users/sooyeol/Desktop/Code/naver_sms_automation_refactoring/tests/comparison/test_output_parity.py:117: Not a high-volume scenario</skipped></testcase><testcase classname="tests.comparison.test_output_parity.TestOutputParity" name="test_all_scenarios_parity" time="19.897" /><testcase classname="tests.comparison.test_output_parity.TestOutputParity" name="test_masking_enforcement" time="0.018" /><testcase classname="tests.comparison.test_output_parity.TestOutputParity" name="test_determinism" time="0.060" /><testcase classname="tests.comparison.test_output_parity.TestOutputParity" name="test_idempotency" time="7.960" /><testcase classname="tests.comparison.test_output_parity.TestComparisonFixtures" name="test_fixtures_load_successfully" time="0.001" /><testcase classname="tests.comparison.test_output_parity.TestComparisonFixtures" name="test_fixture_coverage" time="0.001" /><testcase classname="tests.comparison.test_output_parity.TestComparisonFixtures" name="test_fixture_data_integrity" time="0.004" /></testsuite></testsuites>